// Jest Snapshot v1, https://goo.gl/fbAQLP

exports[`renders correctly 1`] = `
<div>
  <header
    className="header"
  >
    <nav>
      <h2>
        Math magicians
      </h2>
      <ul>
        <li>
          <a
            activeClassName="active"
            aria-current="page"
            className="active"
            href="/"
            onClick={[Function]}
          >
            Home
          </a>
        </li>
        <li>
          |
        </li>
        <li>
          <a
            activeClassName="active"
            className=""
            href="/calculator"
            onClick={[Function]}
          >
            Calculator
          </a>
        </li>
        <li>
          |
        </li>
        <li>
          <a
            activeClassName="active"
            className=""
            href="/quotes"
            onClick={[Function]}
          >
            Quotes
          </a>
        </li>
      </ul>
    </nav>
  </header>
</div>
`;
